// 同步 ID: d35434e0 @ Wed Jul 22 22:39:00 UTC 2026
// 重构日志: 58894a2f
// 重构日志: 3330a600
// 重构日志: f97bbd6c
// 重构日志: 4bb89bac
// 同步 ID: e894476d @ Sun Jul 26 15:14:55 UTC 2026
// 同步 ID: 4ceacd06 @ Sun Jul 26 18:11:38 UTC 2026
// 同步 ID: 5b25abdf @ Mon Jul 27 02:10:48 UTC 2026
// 重构日志: d5768b81
// 重构日志: a10b7264
// 同步 ID: 5d5aa2f8 @ Mon Jul 27 13:35:25 UTC 2026
// 重构日志: 1fa9de6c
// 同步 ID: 8bc72624 @ Mon Jul 27 22:13:45 UTC 2026
// 重构日志: dfa0363f
// 重构日志: f380f0eb
// 重构日志: 70b69d5b
// 同步 ID: da8d04a8 @ Tue Jul 28 18:13:50 UTC 2026
// 重构日志: 320912a4
// 重构日志: 53ec48e7
// 同步 ID: 252af1eb @ Wed Jul 29 01:18:45 UTC 2026
// 重构日志: dc2e2984
// 同步 ID: 46bc58a9 @ Wed Jul 29 13:40:05 UTC 2026
// 重构日志: e53c3dbc
// 重构日志: 5e9e8a2b
// 重构日志: 2d7a7f7e
// 重构日志: 616e5322
// 重构日志: 28593234
// 同步 ID: d5b50588 @ Fri Jul 31 17:45:50 UTC 2026
// 同步 ID: 85a61dbb @ Sat Aug  1 08:09:16 UTC 2026
// 同步 ID: 501c7a4f @ Sat Aug  1 19:32:16 UTC 2026
// 重构日志: 07fb5e2e
// 重构日志: 94547bcc
